// Jest Snapshot v1, https://goo.gl/fbAQLP

exports[`Filter buttons normal 1`] = `
<form class="el-form el-form--inline lv__filterbar lv__filterbar--fold">
  <!---->
  <div class="lv__filterbar-main">
    <!---->
    <div class="lv__filterbar-inner">
      <div class="lv__filterbar-action lv__filterbar-action--nomore lv__filterbar-action--onleft">
        <div class="el-form-item lv__filterbar-action-submit el-form-item--small" style="transform: translateX(0px);">
          <!---->
          <div class="el-form-item__content"> <button type="button" class="el-button el-button--primary el-button--small" text="搜索">
              <!----><i class="el-icon-search"></i><span>
            搜索
          </span>
            </button> <button type="button" class="el-button el-button--default el-button--small" text="重置">
              <!---->
              <!----><span>
            重置
          </span>
            </button>
            <transition-stub name="el-zoom-in-top">
              <!---->
            </transition-stub>
          </div>
        </div>
        <div class="lv__filterbar-action-ext"> <button type="button" class="el-button lv__filterbar-action-more el-button--primary">
            <!----><i class="el-icon-caret-top"></i>
            <!---->
          </button> </div>
      </div>
      <div class="el-form-item lv__filterbar-buttons el-form-item--small">
        <!---->
        <div class="el-form-item__content"><button type="button" class="el-button el-button--default el-button--small">
            <!---->
            <!----><span>default</span>
          </button><button type="button" class="el-button el-button--text el-button--small">
            <!---->
            <!----><span>text</span>
          </button><button type="button" class="el-button el-button--primary el-button--small">
            <!----><i class="el-icon-edit"></i><span>primary</span>
          </button><button type="button" class="el-button el-button--success el-button--small">
            <!----><i class="el-icon-check"></i><span>success</span>
          </button><button type="button" class="el-button el-button--info el-button--small">
            <!----><i class="el-icon-message"></i><span>info</span>
          </button><button type="button" class="el-button el-button--warning el-button--small">
            <!----><i class="el-icon-star-off"></i><span>warning</span>
          </button><button type="button" class="el-button el-button--danger el-button--small">
            <!----><i class="el-icon-delete"></i><span>danger</span>
          </button>
          <transition-stub name="el-zoom-in-top">
            <!---->
          </transition-stub>
        </div>
      </div>
      <!---->
    </div>
    <!---->
  </div>
  <!---->
</form>
`;
